modelo fresco: dim=192 L=6 H=6
b2: modelo+corpus+buffers OK (train=5899680 val=5899680)
PPL inicial: 259.44
step 100/2000  loss=5.3982
step 200/2000  loss=4.5615
step 300/2000  loss=3.5958
step 400/2000  loss=3.0723
step 500/2000  loss=2.8731
step 600/2000  loss=2.7739
step 700/2000  loss=2.7063
step 800/2000  loss=2.6790
step 900/2000  loss=2.6871
step 1000/2000  loss=2.6660
step 1100/2000  loss=2.6650
step 1200/2000  loss=2.6427
step 1300/2000  loss=2.6360
step 1400/2000  loss=2.6172
step 1500/2000  loss=2.6227
step 1600/2000  loss=2.6390
step 1700/2000  loss=2.6244
step 1800/2000  loss=2.6380
step 1900/2000  loss=2.6181
step 2000/2000  loss=2.6327
PPL final: 13.80 (antes 259.44)
PUBLICADO: C:\tinyllama\adaptive\model_192hf.adm (mejora 259.44 -> 13.80)
listo (3813.0s)
