modelo cargado: steps=12000 vocab=2048
b2: modelo+corpus+buffers OK (train=30523204 val=30523204)
PPL inicial: 10.11
== step 1/8000  loss=2.3450  PPL=10.79  (66s) ==
step 2/8000  loss=2.3523
step 3/8000  loss=2.3605
step 4/8000  loss=2.4807
step 5/8000  loss=2.4519
step 6/8000  loss=2.2964
step 7/8000  loss=2.3342
step 8/8000  loss=2.3388
step 9/8000  loss=2.4688
step 10/8000  loss=2.4657
step 11/8000  loss=2.3461
step 12/8000  loss=2.3168
step 13/8000  loss=2.4804
step 14/8000  loss=2.3666
step 15/8000  loss=2.3784
step 16/8000  loss=2.2574
step 17/8000  loss=2.4348
step 18/8000  loss=2.3137
step 19/8000  loss=2.1957
step 20/8000  loss=2.2775
step 21/8000  loss=2.4283
step 22/8000  loss=2.2179
step 23/8000  loss=2.4769
step 24/8000  loss=2.3093
step 25/8000  loss=2.3142
step 26/8000  loss=2.3971
step 27/8000  loss=2.4802
step 28/8000  loss=2.2656
step 29/8000  loss=2.3803
step 30/8000  loss=2.1826
step 31/8000  loss=2.1968
step 32/8000  loss=2.3182
step 33/8000  loss=2.2646
step 34/8000  loss=2.3771
step 35/8000  loss=2.3604
step 36/8000  loss=2.3737
step 37/8000  loss=2.4013
step 38/8000  loss=2.4052
step 39/8000  loss=2.4347
step 40/8000  loss=2.4054
step 41/8000  loss=2.3593
step 42/8000  loss=2.4367
step 43/8000  loss=2.3830
step 44/8000  loss=2.3903
step 45/8000  loss=2.4326
step 46/8000  loss=2.3446
step 47/8000  loss=2.2646
step 48/8000  loss=2.4585
step 49/8000  loss=2.3970
step 50/8000  loss=2.2167
step 51/8000  loss=2.2797
step 52/8000  loss=2.4638
step 53/8000  loss=2.2096
step 54/8000  loss=2.1997
step 55/8000  loss=2.3016
step 56/8000  loss=2.2814
step 57/8000  loss=2.2008
step 58/8000  loss=2.3293
step 59/8000  loss=2.2239
step 60/8000  loss=2.1542
step 61/8000  loss=2.2410
step 62/8000  loss=2.3521
step 63/8000  loss=2.4310
step 64/8000  loss=2.4571
step 65/8000  loss=2.2255
step 66/8000  loss=2.1909
step 67/8000  loss=2.1942
step 68/8000  loss=2.3935
step 69/8000  loss=2.3010
step 70/8000  loss=2.2730
step 71/8000  loss=2.3240
step 72/8000  loss=2.2118
step 73/8000  loss=2.2106
step 74/8000  loss=2.2555
step 75/8000  loss=2.2234
step 76/8000  loss=2.2808
step 77/8000  loss=2.2853
step 78/8000  loss=2.2543
step 79/8000  loss=2.2988
step 80/8000  loss=2.3362
step 81/8000  loss=2.3455
step 82/8000  loss=2.2572
step 83/8000  loss=2.2789
step 84/8000  loss=2.2384
step 85/8000  loss=2.0962
step 86/8000  loss=2.1645
step 87/8000  loss=2.1934
step 88/8000  loss=2.1600
step 89/8000  loss=2.2789
step 90/8000  loss=2.1909
step 91/8000  loss=2.0864
step 92/8000  loss=2.2896
step 93/8000  loss=2.1383
step 94/8000  loss=2.1521
step 95/8000  loss=2.3045
step 96/8000  loss=2.3082
step 97/8000  loss=2.1674
step 98/8000  loss=2.2613
step 99/8000  loss=2.1438
step 100/8000  loss=2.2835
step 101/8000  loss=2.1538
step 102/8000  loss=2.2124
step 103/8000  loss=2.1984
step 104/8000  loss=2.3505
step 105/8000  loss=2.1253
step 106/8000  loss=2.2894
step 107/8000  loss=2.0771
step 108/8000  loss=2.1674
step 109/8000  loss=2.2057
step 110/8000  loss=2.3062
step 111/8000  loss=2.2653
step 112/8000  loss=2.1444
step 113/8000  loss=1.9315
step 114/8000  loss=2.2368
step 115/8000  loss=2.3841
step 116/8000  loss=2.1633
step 117/8000  loss=2.1976
step 118/8000  loss=2.2448
step 119/8000  loss=2.2227
step 120/8000  loss=2.1666
step 121/8000  loss=2.0904
step 122/8000  loss=2.1157
step 123/8000  loss=2.0394
step 124/8000  loss=2.0506
step 125/8000  loss=2.2793
step 126/8000  loss=2.0609
step 127/8000  loss=2.1984
step 128/8000  loss=2.1407
step 129/8000  loss=2.0986
step 130/8000  loss=2.2351
step 131/8000  loss=1.9463
step 132/8000  loss=1.9055
step 133/8000  loss=2.1324
step 134/8000  loss=2.1447
step 135/8000  loss=2.0069
step 136/8000  loss=1.9273
step 137/8000  loss=2.1326
step 138/8000  loss=2.1770
step 139/8000  loss=1.8577
step 140/8000  loss=2.1202
step 141/8000  loss=2.0196
step 142/8000  loss=2.2662
step 143/8000  loss=2.1218
step 144/8000  loss=2.1813
step 145/8000  loss=2.1844
step 146/8000  loss=2.1241
step 147/8000  loss=1.9420
step 148/8000  loss=2.1364
step 149/8000  loss=2.0424
step 150/8000  loss=2.0454
step 151/8000  loss=2.0140
step 152/8000  loss=2.0865
step 153/8000  loss=2.1736
step 154/8000  loss=2.0837
step 155/8000  loss=2.0791
step 156/8000  loss=1.9651
step 157/8000  loss=2.0677
step 158/8000  loss=1.9883
step 159/8000  loss=2.0043
step 160/8000  loss=1.9731
step 161/8000  loss=2.0053
step 162/8000  loss=1.9832
step 163/8000  loss=1.9775
step 164/8000  loss=1.8899
step 165/8000  loss=2.0318
step 166/8000  loss=2.0867
step 167/8000  loss=2.0465
step 168/8000  loss=2.0728
step 169/8000  loss=2.0964
step 170/8000  loss=1.9181
step 171/8000  loss=1.9926
step 172/8000  loss=1.9545
step 173/8000  loss=1.9361
step 174/8000  loss=2.0600
step 175/8000  loss=1.9650
step 176/8000  loss=1.8760
step 177/8000  loss=1.9949
step 178/8000  loss=1.8676
step 179/8000  loss=1.8742
step 180/8000  loss=2.0358
step 181/8000  loss=2.0200
step 182/8000  loss=2.0244
step 183/8000  loss=2.0065
step 184/8000  loss=1.8717
step 185/8000  loss=1.8281
step 186/8000  loss=2.0136
step 187/8000  loss=2.0673
step 188/8000  loss=2.0863
step 189/8000  loss=1.8536
step 190/8000  loss=2.0044
step 191/8000  loss=1.8811
step 192/8000  loss=1.9112
step 193/8000  loss=1.9008
step 194/8000  loss=2.0135
step 195/8000  loss=1.9292
step 196/8000  loss=1.8111
step 197/8000  loss=1.9261
step 198/8000  loss=2.0353
step 199/8000  loss=1.8508
step 200/8000  loss=1.8017
step 201/8000  loss=1.8145
step 202/8000  loss=1.7186
step 203/8000  loss=1.9465
step 204/8000  loss=1.8899
step 205/8000  loss=1.8861
step 206/8000  loss=2.0029
step 207/8000  loss=1.8944
step 208/8000  loss=1.9236
step 209/8000  loss=1.9751
step 210/8000  loss=1.9651
step 211/8000  loss=1.7280
step 212/8000  loss=1.7770
step 213/8000  loss=1.9384
step 214/8000  loss=1.8165
step 215/8000  loss=1.9458
step 216/8000  loss=1.8575
step 217/8000  loss=1.8770
step 218/8000  loss=1.9257
step 219/8000  loss=1.9021
step 220/8000  loss=1.7644
step 221/8000  loss=1.7445
step 222/8000  loss=1.8459
step 223/8000  loss=1.8223
step 224/8000  loss=1.9203
step 225/8000  loss=1.8880
step 226/8000  loss=1.8655
step 227/8000  loss=1.7485
step 228/8000  loss=1.7234
step 229/8000  loss=1.8124
step 230/8000  loss=1.8387
step 231/8000  loss=1.8002
step 232/8000  loss=1.8200
step 233/8000  loss=1.8650
step 234/8000  loss=1.8406
step 235/8000  loss=1.8414
step 236/8000  loss=1.7239
step 237/8000  loss=1.8416
step 238/8000  loss=1.7604
step 239/8000  loss=1.8853
step 240/8000  loss=1.7618
step 241/8000  loss=1.8577
step 242/8000  loss=1.7609
step 243/8000  loss=1.6382
step 244/8000  loss=1.8512
step 245/8000  loss=1.8020
step 246/8000  loss=1.7208
step 247/8000  loss=1.8311
step 248/8000  loss=1.7662
step 249/8000  loss=1.7297
step 250/8000  loss=1.9270
step 251/8000  loss=1.7557
step 252/8000  loss=1.8620
step 253/8000  loss=1.8665
step 254/8000  loss=1.9078
step 255/8000  loss=1.9323
step 256/8000  loss=1.8829
step 257/8000  loss=1.7334
step 258/8000  loss=1.8134
step 259/8000  loss=1.8526
step 260/8000  loss=1.7730
step 261/8000  loss=1.7687
step 262/8000  loss=1.6326
step 263/8000  loss=1.8195
step 264/8000  loss=1.8864
step 265/8000  loss=1.6365
step 266/8000  loss=1.5190
step 267/8000  loss=1.7487
step 268/8000  loss=1.8278
step 269/8000  loss=1.8890
step 270/8000  loss=1.7864
step 271/8000  loss=1.8103
step 272/8000  loss=1.8270
step 273/8000  loss=1.7736
step 274/8000  loss=1.7204
step 275/8000  loss=1.7085
step 276/8000  loss=1.6841
step 277/8000  loss=1.9380
step 278/8000  loss=1.7972
step 279/8000  loss=1.7601
step 280/8000  loss=1.8371
step 281/8000  loss=1.7527
step 282/8000  loss=1.8716
step 283/8000  loss=1.7891
step 284/8000  loss=1.8456
step 285/8000  loss=1.7804
step 286/8000  loss=1.8452
step 287/8000  loss=1.6974
step 288/8000  loss=1.8123
step 289/8000  loss=1.8616
step 290/8000  loss=1.8218
step 291/8000  loss=1.8133
step 292/8000  loss=1.8312
step 293/8000  loss=1.8501
step 294/8000  loss=1.8658
step 295/8000  loss=1.8365
step 296/8000  loss=1.7999
step 297/8000  loss=1.7780
step 298/8000  loss=1.8188
step 299/8000  loss=1.7639
step 300/8000  loss=1.6123
step 301/8000  loss=1.8474
step 302/8000  loss=1.7533
step 303/8000  loss=1.7119
step 304/8000  loss=1.7811
step 305/8000  loss=1.8395
step 306/8000  loss=1.7575
step 307/8000  loss=1.8129
step 308/8000  loss=1.6624
step 309/8000  loss=1.7928
step 310/8000  loss=1.7850
step 311/8000  loss=1.6726
step 312/8000  loss=1.6697
step 313/8000  loss=1.6951
step 314/8000  loss=1.7349
step 315/8000  loss=1.7088
step 316/8000  loss=1.7563
step 317/8000  loss=1.7079
step 318/8000  loss=1.8422
step 319/8000  loss=1.8016
step 320/8000  loss=1.8533
step 321/8000  loss=1.6765
step 322/8000  loss=1.7841
step 323/8000  loss=1.6585
step 324/8000  loss=1.8350
step 325/8000  loss=1.8011
step 326/8000  loss=1.7484
step 327/8000  loss=1.6733
step 328/8000  loss=1.6383
step 329/8000  loss=1.7282
step 330/8000  loss=1.6061
step 331/8000  loss=1.7119
step 332/8000  loss=1.8266
step 333/8000  loss=1.7721
step 334/8000  loss=1.8729
step 335/8000  loss=1.8247
step 336/8000  loss=1.7505
step 337/8000  loss=1.6608
step 338/8000  loss=1.7966
step 339/8000  loss=1.6573
step 340/8000  loss=1.7271
step 341/8000  loss=1.7968
step 342/8000  loss=1.8248
step 343/8000  loss=1.8254
step 344/8000  loss=1.7989
step 345/8000  loss=1.8809
step 346/8000  loss=1.7601
step 347/8000  loss=1.7038
step 348/8000  loss=1.6903
step 349/8000  loss=1.7856
step 350/8000  loss=1.7874
step 351/8000  loss=1.6825
step 352/8000  loss=1.7813
step 353/8000  loss=1.7606
step 354/8000  loss=1.7285
step 355/8000  loss=1.7994
step 356/8000  loss=1.8237
step 357/8000  loss=1.7782
step 358/8000  loss=1.8352
step 359/8000  loss=1.7646
step 360/8000  loss=1.7594
step 361/8000  loss=1.8475
step 362/8000  loss=1.7601
step 363/8000  loss=1.7728
step 364/8000  loss=1.7034
step 365/8000  loss=1.7290
step 366/8000  loss=1.6987
step 367/8000  loss=1.7998
step 368/8000  loss=1.7395
step 369/8000  loss=1.8196
step 370/8000  loss=1.8244
step 371/8000  loss=1.8275
step 372/8000  loss=1.7267
step 373/8000  loss=1.7820
step 374/8000  loss=1.7669
step 375/8000  loss=1.6845
step 376/8000  loss=1.8154
step 377/8000  loss=1.8061
step 378/8000  loss=1.8379
step 379/8000  loss=1.7963
step 380/8000  loss=1.6848
step 381/8000  loss=1.7452
step 382/8000  loss=1.7052
step 383/8000  loss=1.6384
step 384/8000  loss=1.8018
step 385/8000  loss=1.8796
step 386/8000  loss=1.7935
step 387/8000  loss=1.8329
step 388/8000  loss=1.7622
step 389/8000  loss=1.7263
step 390/8000  loss=1.8339
step 391/8000  loss=1.7818
step 392/8000  loss=1.6542
step 393/8000  loss=1.6643
step 394/8000  loss=1.6848
step 395/8000  loss=1.7759
step 396/8000  loss=1.7533
step 397/8000  loss=1.7244
step 398/8000  loss=1.8067
step 399/8000  loss=1.8104
step 400/8000  loss=1.6322
step 401/8000  loss=1.7719
step 402/8000  loss=1.6952
step 403/8000  loss=1.7085
step 404/8000  loss=1.8198
step 405/8000  loss=1.8068
step 406/8000  loss=1.6992
step 407/8000  loss=1.7295
step 408/8000  loss=1.6551
step 409/8000  loss=1.7314
step 410/8000  loss=1.6507
step 411/8000  loss=1.6910
step 412/8000  loss=1.6688
step 413/8000  loss=1.7711
step 414/8000  loss=1.7891
step 415/8000  loss=1.7337
step 416/8000  loss=1.8284
step 417/8000  loss=1.7563
step 418/8000  loss=1.6134
step 419/8000  loss=1.7222
step 420/8000  loss=1.7507
step 421/8000  loss=1.6755
step 422/8000  loss=1.6884
step 423/8000  loss=1.7093
step 424/8000  loss=1.6801
step 425/8000  loss=1.7468
step 426/8000  loss=1.7889
step 427/8000  loss=1.7494
step 428/8000  loss=1.7666
step 429/8000  loss=1.7708
step 430/8000  loss=1.6691
step 431/8000  loss=1.8182
step 432/8000  loss=1.7446
step 433/8000  loss=1.8222
step 434/8000  loss=1.7547
step 435/8000  loss=1.7330
step 436/8000  loss=1.8275
step 437/8000  loss=1.7257
step 438/8000  loss=1.8014
step 439/8000  loss=1.7117
step 440/8000  loss=1.7173
step 441/8000  loss=1.8022
step 442/8000  loss=1.6173
step 443/8000  loss=1.8398
step 444/8000  loss=1.7674
step 445/8000  loss=1.7436
step 446/8000  loss=1.7528
step 447/8000  loss=1.7294
step 448/8000  loss=1.8923
step 449/8000  loss=1.7165
step 450/8000  loss=1.7536
step 451/8000  loss=1.7381
step 452/8000  loss=1.8263
step 453/8000  loss=1.7518
step 454/8000  loss=1.8466
step 455/8000  loss=1.7894
step 456/8000  loss=1.6594
step 457/8000  loss=1.6436
step 458/8000  loss=1.7932
step 459/8000  loss=1.5895
step 460/8000  loss=1.8135
step 461/8000  loss=1.6834
step 462/8000  loss=1.7528
step 463/8000  loss=1.6968
step 464/8000  loss=1.7826
step 465/8000  loss=1.8079
step 466/8000  loss=1.7269
step 467/8000  loss=1.6539
step 468/8000  loss=1.8309
step 469/8000  loss=1.7547
step 470/8000  loss=1.8190
step 471/8000  loss=1.6662
step 472/8000  loss=1.7449
step 473/8000  loss=1.7623
step 474/8000  loss=1.6859
step 475/8000  loss=1.8059
step 476/8000  loss=1.6896
step 477/8000  loss=1.7530
step 478/8000  loss=1.8189
step 479/8000  loss=1.7045
step 480/8000  loss=1.6498
step 481/8000  loss=1.7647
step 482/8000  loss=1.8962
step 483/8000  loss=1.8850
step 484/8000  loss=1.8220
step 485/8000  loss=1.7872
step 486/8000  loss=1.7016
step 487/8000  loss=1.6937
step 488/8000  loss=1.7738
step 489/8000  loss=1.7384
step 490/8000  loss=1.6708
step 491/8000  loss=1.7396
step 492/8000  loss=1.5748
step 493/8000  loss=1.7733
step 494/8000  loss=1.8032
step 495/8000  loss=1.6891
step 496/8000  loss=1.8020
step 497/8000  loss=1.6928
step 498/8000  loss=1.7435
step 499/8000  loss=1.7182
== step 500/8000  loss=1.6461  PPL=5.86  (5661s) ==
step 501/8000  loss=1.7310
step 502/8000  loss=1.7393
step 503/8000  loss=1.7515
step 504/8000  loss=1.6980
step 505/8000  loss=1.7090
step 506/8000  loss=1.7167
step 507/8000  loss=1.7479
step 508/8000  loss=1.7143
step 509/8000  loss=1.8165
step 510/8000  loss=1.6550
step 511/8000  loss=1.7761
step 512/8000  loss=1.8514
step 513/8000  loss=1.6700
step 514/8000  loss=1.6956
step 515/8000  loss=1.6923
step 516/8000  loss=1.6982
step 517/8000  loss=1.7504
step 518/8000  loss=1.7747
step 519/8000  loss=1.7186
step 520/8000  loss=1.7670
step 521/8000  loss=1.7883
step 522/8000  loss=1.7011
step 523/8000  loss=1.8185
step 524/8000  loss=1.8425
step 525/8000  loss=1.7366
step 526/8000  loss=1.6443
step 527/8000  loss=1.7332
step 528/8000  loss=1.7510
step 529/8000  loss=1.8398
step 530/8000  loss=1.7483
step 531/8000  loss=1.7679
step 532/8000  loss=1.7801
step 533/8000  loss=1.6336
step 534/8000  loss=1.7958
step 535/8000  loss=1.8477
step 536/8000  loss=1.7332
step 537/8000  loss=1.7326
step 538/8000  loss=1.7142
step 539/8000  loss=1.7800
step 540/8000  loss=1.7077
step 541/8000  loss=1.6048
step 542/8000  loss=1.7286
step 543/8000  loss=1.7761
step 544/8000  loss=1.6374
step 545/8000  loss=1.8368
step 546/8000  loss=1.7740
step 547/8000  loss=1.7096
step 548/8000  loss=1.6064
step 549/8000  loss=1.7376
step 550/8000  loss=1.7556
step 551/8000  loss=1.7165
step 552/8000  loss=1.7107
step 553/8000  loss=1.5978
step 554/8000  loss=1.8032
step 555/8000  loss=1.8217
step 556/8000  loss=1.8151
step 557/8000  loss=1.7797
step 558/8000  loss=1.7396
step 559/8000  loss=1.7749
step 560/8000  loss=1.7813
step 561/8000  loss=1.8606
step 562/8000  loss=1.6409
step 563/8000  loss=1.7525
step 564/8000  loss=1.7492
step 565/8000  loss=1.7246
step 566/8000  loss=1.7509
step 567/8000  loss=1.7284
step 568/8000  loss=1.8084
step 569/8000  loss=1.7300
step 570/8000  loss=1.7466
step 571/8000  loss=1.6771
step 572/8000  loss=1.9159
step 573/8000  loss=1.7189
step 574/8000  loss=1.6630
step 575/8000  loss=1.7264
step 576/8000  loss=1.6888
step 577/8000  loss=1.7016
step 578/8000  loss=1.7231
step 579/8000  loss=1.7151
step 580/8000  loss=1.7661
step 581/8000  loss=1.7079
step 582/8000  loss=1.7305
step 583/8000  loss=1.7691
step 584/8000  loss=1.8702
step 585/8000  loss=1.8199
step 586/8000  loss=1.6650
step 587/8000  loss=1.6968
step 588/8000  loss=1.7927
step 589/8000  loss=1.7154
step 590/8000  loss=1.7971
step 591/8000  loss=1.6954
step 592/8000  loss=1.7567
step 593/8000  loss=1.6769
step 594/8000  loss=1.7875
step 595/8000  loss=1.8270
step 596/8000  loss=1.8311
step 597/8000  loss=1.7010
step 598/8000  loss=1.7714
step 599/8000  loss=1.7317
step 600/8000  loss=1.7231
step 601/8000  loss=1.6318
step 602/8000  loss=1.8024
step 603/8000  loss=1.7248
step 604/8000  loss=1.8004
step 605/8000  loss=1.6166
step 606/8000  loss=1.7522
step 607/8000  loss=1.5927
step 608/8000  loss=1.8013
step 609/8000  loss=1.6643
step 610/8000  loss=1.7543
step 611/8000  loss=1.6590
step 612/8000  loss=1.7037
step 613/8000  loss=1.7073
step 614/8000  loss=1.7499
step 615/8000  loss=1.7880
step 616/8000  loss=1.8237
step 617/8000  loss=1.7804
step 618/8000  loss=1.8892
step 619/8000  loss=1.6592
step 620/8000  loss=1.6741
step 621/8000  loss=1.7402
step 622/8000  loss=1.7225
step 623/8000  loss=1.7926
step 624/8000  loss=1.7652
step 625/8000  loss=1.7236
step 626/8000  loss=1.7471
step 627/8000  loss=1.6651
step 628/8000  loss=1.6880
step 629/8000  loss=1.7084
step 630/8000  loss=1.8547
step 631/8000  loss=1.7514
step 632/8000  loss=1.7394
step 633/8000  loss=1.7231
step 634/8000  loss=1.6444
step 635/8000  loss=1.7034
step 636/8000  loss=1.7604
step 637/8000  loss=1.7749
step 638/8000  loss=1.7107
step 639/8000  loss=1.7398
step 640/8000  loss=1.7132
step 641/8000  loss=1.8136
step 642/8000  loss=1.6878
step 643/8000  loss=1.7090
step 644/8000  loss=1.7273
step 645/8000  loss=1.7260
step 646/8000  loss=1.7368
step 647/8000  loss=1.7608
step 648/8000  loss=1.6766
step 649/8000  loss=1.7820
step 650/8000  loss=1.7547
step 651/8000  loss=1.7813
step 652/8000  loss=1.7487
step 653/8000  loss=1.6709
step 654/8000  loss=1.7575
step 655/8000  loss=1.8090
step 656/8000  loss=1.8337
step 657/8000  loss=1.7784
step 658/8000  loss=1.8071
step 659/8000  loss=1.7515
step 660/8000  loss=1.7651
step 661/8000  loss=1.8090
step 662/8000  loss=1.7372
step 663/8000  loss=1.7857
step 664/8000  loss=1.6619
step 665/8000  loss=1.8023
step 666/8000  loss=1.7524
step 667/8000  loss=1.6355
step 668/8000  loss=1.7774
step 669/8000  loss=1.7501
step 670/8000  loss=1.8549
step 671/8000  loss=1.7730
step 672/8000  loss=1.6758
step 673/8000  loss=1.7102
step 674/8000  loss=1.8680
step 675/8000  loss=1.7170
step 676/8000  loss=1.7760
step 677/8000  loss=1.7590
step 678/8000  loss=1.6480
step 679/8000  loss=1.7216
step 680/8000  loss=1.8241
step 681/8000  loss=1.7046
step 682/8000  loss=1.6845
step 683/8000  loss=1.7445
step 684/8000  loss=1.7014
step 685/8000  loss=1.9230
step 686/8000  loss=1.7959
step 687/8000  loss=1.6879
step 688/8000  loss=1.6687
step 689/8000  loss=1.7138
step 690/8000  loss=1.7523
step 691/8000  loss=1.7540
step 692/8000  loss=1.7842
step 693/8000  loss=1.7443
step 694/8000  loss=1.7112
step 695/8000  loss=1.7285
step 696/8000  loss=1.7659
step 697/8000  loss=1.7521
step 698/8000  loss=1.6550
step 699/8000  loss=1.7681
step 700/8000  loss=1.6897
step 701/8000  loss=1.7079
step 702/8000  loss=1.6372
step 703/8000  loss=1.8350
step 704/8000  loss=1.7486
step 705/8000  loss=1.6535
step 706/8000  loss=1.7270
step 707/8000  loss=1.6940
step 708/8000  loss=1.6954
step 709/8000  loss=1.6527
step 710/8000  loss=1.7837
step 711/8000  loss=1.7040
step 712/8000  loss=1.7946
step 713/8000  loss=1.6291
step 714/8000  loss=1.8044
step 715/8000  loss=1.7433
step 716/8000  loss=1.7204
step 717/8000  loss=1.7895
step 718/8000  loss=1.7770
step 719/8000  loss=1.7613
step 720/8000  loss=1.7259
step 721/8000  loss=1.7157
step 722/8000  loss=1.7190
step 723/8000  loss=1.6779
step 724/8000  loss=1.8141
step 725/8000  loss=1.7147
step 726/8000  loss=1.6773
step 727/8000  loss=1.7589
step 728/8000  loss=1.7797
step 729/8000  loss=1.7454
step 730/8000  loss=1.7200
step 731/8000  loss=1.7694
step 732/8000  loss=1.7385
step 733/8000  loss=1.6704
step 734/8000  loss=1.7120
step 735/8000  loss=1.7446
step 736/8000  loss=1.7263
step 737/8000  loss=1.5334
step 738/8000  loss=1.6265
step 739/8000  loss=1.8083
step 740/8000  loss=1.7491
step 741/8000  loss=1.6588
step 742/8000  loss=1.7898
step 743/8000  loss=1.7210
step 744/8000  loss=1.7363
step 745/8000  loss=1.8224
step 746/8000  loss=1.7197
step 747/8000  loss=1.7188
step 748/8000  loss=1.7322
step 749/8000  loss=1.6561
step 750/8000  loss=1.7134
step 751/8000  loss=1.7445
step 752/8000  loss=1.6719
step 753/8000  loss=1.6849
step 754/8000  loss=1.6107
step 755/8000  loss=1.7311
step 756/8000  loss=1.7845
step 757/8000  loss=1.6838
step 758/8000  loss=1.6962
step 759/8000  loss=1.6804
step 760/8000  loss=1.8521
step 761/8000  loss=1.7403
step 762/8000  loss=1.7125
step 763/8000  loss=1.6705
step 764/8000  loss=1.7074
step 765/8000  loss=1.7742
step 766/8000  loss=1.7654
step 767/8000  loss=1.6779
step 768/8000  loss=1.8032
step 769/8000  loss=1.7157
step 770/8000  loss=1.8364
step 771/8000  loss=1.7970
step 772/8000  loss=1.6894
step 773/8000  loss=1.7119
step 774/8000  loss=1.6875
step 775/8000  loss=1.7521
step 776/8000  loss=1.6701
step 777/8000  loss=1.7345
step 778/8000  loss=1.8080
step 779/8000  loss=1.8011
step 780/8000  loss=1.6411
step 781/8000  loss=1.6573
step 782/8000  loss=1.6479
step 783/8000  loss=1.7500
step 784/8000  loss=1.6875
step 785/8000  loss=1.7000
step 786/8000  loss=1.6476
step 787/8000  loss=1.7179
step 788/8000  loss=1.7508
step 789/8000  loss=1.6984
step 790/8000  loss=1.8092
step 791/8000  loss=1.7310
step 792/8000  loss=1.7355
step 793/8000  loss=1.9028
step 794/8000  loss=1.8022
step 795/8000  loss=1.6762
step 796/8000  loss=1.7823
step 797/8000  loss=1.7203
step 798/8000  loss=1.7139
step 799/8000  loss=1.7252
step 800/8000  loss=1.7369
step 801/8000  loss=1.7612
step 802/8000  loss=1.6976
step 803/8000  loss=1.7154
step 804/8000  loss=1.6593
step 805/8000  loss=1.7568
step 806/8000  loss=1.6550
step 807/8000  loss=1.7792
step 808/8000  loss=1.7579
step 809/8000  loss=1.7479
step 810/8000  loss=1.6991
step 811/8000  loss=1.7743
step 812/8000  loss=1.6932
step 813/8000  loss=1.7054
step 814/8000  loss=1.6718
step 815/8000  loss=1.6793
step 816/8000  loss=1.7295
step 817/8000  loss=1.6650
step 818/8000  loss=1.6909
step 819/8000  loss=1.7400
step 820/8000  loss=1.6658
step 821/8000  loss=1.7718
step 822/8000  loss=1.7453
step 823/8000  loss=1.5822
step 824/8000  loss=1.7337
step 825/8000  loss=1.7416
step 826/8000  loss=1.6618
step 827/8000  loss=1.7271
step 828/8000  loss=1.6732
step 829/8000  loss=1.7667
step 830/8000  loss=1.7123
step 831/8000  loss=1.7692
step 832/8000  loss=1.6763
step 833/8000  loss=1.7336
step 834/8000  loss=1.7080
step 835/8000  loss=1.7406
step 836/8000  loss=1.6703
step 837/8000  loss=1.7771
step 838/8000  loss=1.7354
step 839/8000  loss=1.7562
step 840/8000  loss=1.7648
step 841/8000  loss=1.6917
step 842/8000  loss=1.6816
step 843/8000  loss=1.8416
step 844/8000  loss=1.6348
step 845/8000  loss=1.7239
step 846/8000  loss=1.7264
step 847/8000  loss=1.7181
step 848/8000  loss=1.6792
step 849/8000  loss=1.6723
step 850/8000  loss=1.6948
step 851/8000  loss=1.6985
step 852/8000  loss=1.7420
step 853/8000  loss=1.6918
step 854/8000  loss=1.7027
step 855/8000  loss=1.7560
step 856/8000  loss=1.6709
step 857/8000  loss=1.7813
step 858/8000  loss=1.6358
step 859/8000  loss=1.6135
step 860/8000  loss=1.6314
step 861/8000  loss=1.7159
step 862/8000  loss=1.7011
step 863/8000  loss=1.7199
step 864/8000  loss=1.6792
step 865/8000  loss=1.7718
step 866/8000  loss=1.6968
step 867/8000  loss=1.7024
step 868/8000  loss=1.6942
step 869/8000  loss=1.6194
step 870/8000  loss=1.8048
step 871/8000  loss=1.7428
step 872/8000  loss=1.6867
step 873/8000  loss=1.7620
step 874/8000  loss=1.7604
step 875/8000  loss=1.7517
step 876/8000  loss=1.7084
step 877/8000  loss=1.7162
step 878/8000  loss=1.6390
step 879/8000  loss=1.5030
step 880/8000  loss=1.6747
step 881/8000  loss=1.7070
step 882/8000  loss=1.7696
step 883/8000  loss=1.7422
step 884/8000  loss=1.6420
step 885/8000  loss=1.6206
step 886/8000  loss=1.6866
step 887/8000  loss=1.7644
step 888/8000  loss=1.8038
step 889/8000  loss=1.7169
step 890/8000  loss=1.6843
step 891/8000  loss=1.6790
step 892/8000  loss=1.6901
step 893/8000  loss=1.6256
step 894/8000  loss=1.8044
step 895/8000  loss=1.7759
step 896/8000  loss=1.7150
step 897/8000  loss=1.8217
step 898/8000  loss=1.8044
step 899/8000  loss=1.7532
step 900/8000  loss=1.7566
step 901/8000  loss=1.6619
step 902/8000  loss=1.5811
step 903/8000  loss=1.7442
step 904/8000  loss=1.7012
step 905/8000  loss=1.6564
step 906/8000  loss=1.8346
step 907/8000  loss=1.7109
step 908/8000  loss=1.7876
step 909/8000  loss=1.6801
step 910/8000  loss=1.6310
step 911/8000  loss=1.6928
step 912/8000  loss=1.6827
step 913/8000  loss=1.6741
step 914/8000  loss=1.6832
step 915/8000  loss=1.6939
step 916/8000  loss=1.6525
step 917/8000  loss=1.5498
step 918/8000  loss=1.8337
step 919/8000  loss=1.7914
step 920/8000  loss=1.6900
step 921/8000  loss=1.7140
step 922/8000  loss=1.6438
step 923/8000  loss=1.8553
step 924/8000  loss=1.7579
step 925/8000  loss=1.7447
step 926/8000  loss=1.6667
step 927/8000  loss=1.8592
step 928/8000  loss=1.6438
step 929/8000  loss=1.6279
step 930/8000  loss=1.7530
step 931/8000  loss=1.7443
step 932/8000  loss=1.7361
step 933/8000  loss=1.7671
step 934/8000  loss=1.7132
step 935/8000  loss=1.7652
step 936/8000  loss=1.6554
step 937/8000  loss=1.7490
step 938/8000  loss=1.6707
step 939/8000  loss=1.6427
step 940/8000  loss=1.7643
step 941/8000  loss=1.7599
step 942/8000  loss=1.6531
step 943/8000  loss=1.6316
step 944/8000  loss=1.7836
step 945/8000  loss=1.6121
step 946/8000  loss=1.6642
step 947/8000  loss=1.7048
step 948/8000  loss=1.7176
step 949/8000  loss=1.7475
step 950/8000  loss=1.7462
step 951/8000  loss=1.7556
step 952/8000  loss=1.7574
step 953/8000  loss=1.6646
step 954/8000  loss=1.7497
step 955/8000  loss=1.7769
step 956/8000  loss=1.7253
step 957/8000  loss=1.7017
step 958/8000  loss=1.6491
step 959/8000  loss=1.7115
step 960/8000  loss=1.7070
step 961/8000  loss=1.7067
step 962/8000  loss=1.7262
step 963/8000  loss=1.7231
step 964/8000  loss=1.7029
step 965/8000  loss=1.7695
step 966/8000  loss=1.7179
step 967/8000  loss=1.7364
step 968/8000  loss=1.6987
step 969/8000  loss=1.7003
step 970/8000  loss=1.6467
step 971/8000  loss=1.6622
step 972/8000  loss=1.5852
step 973/8000  loss=1.6352
step 974/8000  loss=1.7494
step 975/8000  loss=1.6809
step 976/8000  loss=1.7048
step 977/8000  loss=1.6862
step 978/8000  loss=1.8191
step 979/8000  loss=1.6741
step 980/8000  loss=1.6760
step 981/8000  loss=1.7862
step 982/8000  loss=1.7431
step 983/8000  loss=1.7311
step 984/8000  loss=1.6624
step 985/8000  loss=1.7656
step 986/8000  loss=1.6370
step 987/8000  loss=1.6655
step 988/8000  loss=1.6574
step 989/8000  loss=1.7156
step 990/8000  loss=1.6943
step 991/8000  loss=1.8601
step 992/8000  loss=1.7260
step 993/8000  loss=1.7190
step 994/8000  loss=1.6994
step 995/8000  loss=1.6675
step 996/8000  loss=1.6995
step 997/8000  loss=1.6640
step 998/8000  loss=1.6997
step 999/8000  loss=1.7361
== step 1000/8000  loss=1.6899  PPL=5.32  (11222s) ==
step 1001/8000  loss=1.7604
step 1002/8000  loss=1.6821
step 1003/8000  loss=1.7456
step 1004/8000  loss=1.6808
step 1005/8000  loss=1.6763
step 1006/8000  loss=1.7192
step 1007/8000  loss=1.5553
step 1008/8000  loss=1.7953
step 1009/8000  loss=1.6715
step 1010/8000  loss=1.6198
step 1011/8000  loss=1.7832
step 1012/8000  loss=1.7711
step 1013/8000  loss=1.6900
step 1014/8000  loss=1.7971
step 1015/8000  loss=1.7556
step 1016/8000  loss=1.8015
step 1017/8000  loss=1.6626
step 1018/8000  loss=1.7416
step 1019/8000  loss=1.7170
step 1020/8000  loss=1.7106
step 1021/8000  loss=1.7002
step 1022/8000  loss=1.6685
step 1023/8000  loss=1.7227
step 1024/8000  loss=1.6288
step 1025/8000  loss=1.7149
step 1026/8000  loss=1.7795
step 1027/8000  loss=1.7372
step 1028/8000  loss=1.7573
step 1029/8000  loss=1.6415
step 1030/8000  loss=1.7596
step 1031/8000  loss=1.8244
step 1032/8000  loss=1.7654
step 1033/8000  loss=1.7254
step 1034/8000  loss=1.6472
step 1035/8000  loss=1.5977
step 1036/8000  loss=1.7001
step 1037/8000  loss=1.6671
step 1038/8000  loss=1.6645
step 1039/8000  loss=1.5773
step 1040/8000  loss=1.7553
step 1041/8000  loss=1.7208
step 1042/8000  loss=1.6797
step 1043/8000  loss=1.7710
step 1044/8000  loss=1.6562
step 1045/8000  loss=1.6223
step 1046/8000  loss=1.6859
step 1047/8000  loss=1.7181
step 1048/8000  loss=1.6715
step 1049/8000  loss=1.6234
step 1050/8000  loss=1.7773
step 1051/8000  loss=1.7285
step 1052/8000  loss=1.6583
step 1053/8000  loss=1.7335
step 1054/8000  loss=1.7569
step 1055/8000  loss=1.6554
step 1056/8000  loss=1.7377
step 1057/8000  loss=1.6893
step 1058/8000  loss=1.6936
step 1059/8000  loss=1.6710
step 1060/8000  loss=1.7273
step 1061/8000  loss=1.6805
step 1062/8000  loss=1.6231
step 1063/8000  loss=1.6566
step 1064/8000  loss=1.7126
step 1065/8000  loss=1.6714
step 1066/8000  loss=1.7352
step 1067/8000  loss=1.7404
step 1068/8000  loss=1.6920
step 1069/8000  loss=1.6708
step 1070/8000  loss=1.7701
step 1071/8000  loss=1.6960
step 1072/8000  loss=1.6649
step 1073/8000  loss=1.7101
step 1074/8000  loss=1.7123
step 1075/8000  loss=1.7861
step 1076/8000  loss=1.8097
step 1077/8000  loss=1.6722
step 1078/8000  loss=1.7499
step 1079/8000  loss=1.7517
step 1080/8000  loss=1.7031
step 1081/8000  loss=1.7500
step 1082/8000  loss=1.7089
step 1083/8000  loss=1.7067
step 1084/8000  loss=1.8330
step 1085/8000  loss=1.6145
step 1086/8000  loss=1.7783
step 1087/8000  loss=1.6962
step 1088/8000  loss=1.7850
step 1089/8000  loss=1.6991
step 1090/8000  loss=1.6644
step 1091/8000  loss=1.7924
step 1092/8000  loss=1.6048
step 1093/8000  loss=1.5640
step 1094/8000  loss=1.6495
step 1095/8000  loss=1.7621
step 1096/8000  loss=1.7545
step 1097/8000  loss=1.7482
step 1098/8000  loss=1.7877
step 1099/8000  loss=1.7128
step 1100/8000  loss=1.6922
step 1101/8000  loss=1.6748
step 1102/8000  loss=1.6841
step 1103/8000  loss=1.7737
step 1104/8000  loss=1.7570
step 1105/8000  loss=1.7725
step 1106/8000  loss=1.6169
step 1107/8000  loss=1.7549
step 1108/8000  loss=1.6504
step 1109/8000  loss=1.7971
step 1110/8000  loss=1.6212
step 1111/8000  loss=1.7098
step 1112/8000  loss=1.7058
step 1113/8000  loss=1.6809
step 1114/8000  loss=1.5491
step 1115/8000  loss=1.7609
step 1116/8000  loss=1.6703
step 1117/8000  loss=1.6824
step 1118/8000  loss=1.7672
step 1119/8000  loss=1.7565
step 1120/8000  loss=1.6664
step 1121/8000  loss=1.6950
step 1122/8000  loss=1.6905
step 1123/8000  loss=1.6366
step 1124/8000  loss=1.6921
step 1125/8000  loss=1.7877
step 1126/8000  loss=1.7562
step 1127/8000  loss=1.6980
step 1128/8000  loss=1.7102
step 1129/8000  loss=1.7642
step 1130/8000  loss=1.6772
step 1131/8000  loss=1.7687
step 1132/8000  loss=1.7373
step 1133/8000  loss=1.6593
step 1134/8000  loss=1.6993
step 1135/8000  loss=1.6309
step 1136/8000  loss=1.6896
step 1137/8000  loss=1.6783
step 1138/8000  loss=1.8137
step 1139/8000  loss=1.6195
step 1140/8000  loss=1.6692
step 1141/8000  loss=1.5817
step 1142/8000  loss=1.7340
step 1143/8000  loss=1.6744
step 1144/8000  loss=1.7772
step 1145/8000  loss=1.7764
step 1146/8000  loss=1.6825
step 1147/8000  loss=1.6385
step 1148/8000  loss=1.6653
step 1149/8000  loss=1.6518
step 1150/8000  loss=1.7038
step 1151/8000  loss=1.7299
step 1152/8000  loss=1.6678
step 1153/8000  loss=1.7067
step 1154/8000  loss=1.7346
step 1155/8000  loss=1.7364
step 1156/8000  loss=1.6032
step 1157/8000  loss=1.7656
step 1158/8000  loss=1.5592
step 1159/8000  loss=1.6288
step 1160/8000  loss=1.6852
step 1161/8000  loss=1.6035
step 1162/8000  loss=1.7871
step 1163/8000  loss=1.6387
step 1164/8000  loss=1.6956
step 1165/8000  loss=1.7206
step 1166/8000  loss=1.6666
step 1167/8000  loss=1.7960
step 1168/8000  loss=1.7170
step 1169/8000  loss=1.7261
step 1170/8000  loss=1.7773
step 1171/8000  loss=1.7565
step 1172/8000  loss=1.7451
step 1173/8000  loss=1.6424
step 1174/8000  loss=1.6712
step 1175/8000  loss=1.6691
step 1176/8000  loss=1.6669
step 1177/8000  loss=1.6673
step 1178/8000  loss=1.6557
step 1179/8000  loss=1.7071
step 1180/8000  loss=1.7162
step 1181/8000  loss=1.7426
step 1182/8000  loss=1.6483
step 1183/8000  loss=1.7513
step 1184/8000  loss=1.7609
step 1185/8000  loss=1.7120
step 1186/8000  loss=1.7675
step 1187/8000  loss=1.7353
step 1188/8000  loss=1.8153
step 1189/8000  loss=1.7272
step 1190/8000  loss=1.6163
step 1191/8000  loss=1.7089
step 1192/8000  loss=1.6416
step 1193/8000  loss=1.7605
step 1194/8000  loss=1.6849
step 1195/8000  loss=1.6819
step 1196/8000  loss=1.7755
step 1197/8000  loss=1.6986
step 1198/8000  loss=1.7377
step 1199/8000  loss=1.6220
step 1200/8000  loss=1.8011
step 1201/8000  loss=1.6787
step 1202/8000  loss=1.6851
step 1203/8000  loss=1.7201
step 1204/8000  loss=1.5952
step 1205/8000  loss=1.6291
step 1206/8000  loss=1.7685
step 1207/8000  loss=1.7028
step 1208/8000  loss=1.7097
step 1209/8000  loss=1.6925
step 1210/8000  loss=1.6515
step 1211/8000  loss=1.7914
step 1212/8000  loss=1.7804
step 1213/8000  loss=1.6957
step 1214/8000  loss=1.8054
step 1215/8000  loss=1.6389
step 1216/8000  loss=1.7285
step 1217/8000  loss=1.6979
step 1218/8000  loss=1.7978
step 1219/8000  loss=1.6180
step 1220/8000  loss=1.7424
step 1221/8000  loss=1.7166
step 1222/8000  loss=1.7219
step 1223/8000  loss=1.6881
step 1224/8000  loss=1.7373
step 1225/8000  loss=1.6796
step 1226/8000  loss=1.7248
step 1227/8000  loss=1.6939
step 1228/8000  loss=1.6922
step 1229/8000  loss=1.7207
step 1230/8000  loss=1.6364
step 1231/8000  loss=1.7393
step 1232/8000  loss=1.7405
step 1233/8000  loss=1.6063
step 1234/8000  loss=1.6121
step 1235/8000  loss=1.7951
step 1236/8000  loss=1.6828
step 1237/8000  loss=1.7188
step 1238/8000  loss=1.6938
step 1239/8000  loss=1.7200
step 1240/8000  loss=1.6753
step 1241/8000  loss=1.6874
step 1242/8000  loss=1.7066
step 1243/8000  loss=1.7729
step 1244/8000  loss=1.7398
step 1245/8000  loss=1.7325
step 1246/8000  loss=1.6958
step 1247/8000  loss=1.7277
step 1248/8000  loss=1.6894
step 1249/8000  loss=1.7543
step 1250/8000  loss=1.6369
step 1251/8000  loss=1.7373
step 1252/8000  loss=1.6669
step 1253/8000  loss=1.6587
step 1254/8000  loss=1.6408
step 1255/8000  loss=1.7115
step 1256/8000  loss=1.6886
step 1257/8000  loss=1.9101
step 1258/8000  loss=1.6667
step 1259/8000  loss=1.7853
step 1260/8000  loss=1.7434
step 1261/8000  loss=1.7852
step 1262/8000  loss=1.7603
step 1263/8000  loss=1.6915
step 1264/8000  loss=1.6913
step 1265/8000  loss=1.6799
step 1266/8000  loss=1.6888
step 1267/8000  loss=1.6852
step 1268/8000  loss=1.6544
step 1269/8000  loss=1.7576
step 1270/8000  loss=1.7644
step 1271/8000  loss=1.7431
step 1272/8000  loss=1.7732
step 1273/8000  loss=1.7032
step 1274/8000  loss=1.6709
step 1275/8000  loss=1.6758
step 1276/8000  loss=1.7058
step 1277/8000  loss=1.6791
step 1278/8000  loss=1.6677
step 1279/8000  loss=1.7330
step 1280/8000  loss=1.6932
step 1281/8000  loss=1.6569
step 1282/8000  loss=1.6730
step 1283/8000  loss=1.7686
step 1284/8000  loss=1.7039
step 1285/8000  loss=1.6569
step 1286/8000  loss=1.6207
step 1287/8000  loss=1.7940
step 1288/8000  loss=1.7897
step 1289/8000  loss=1.6983
step 1290/8000  loss=1.7676
step 1291/8000  loss=1.6300
step 1292/8000  loss=1.6431
step 1293/8000  loss=1.6725
step 1294/8000  loss=1.6939
step 1295/8000  loss=1.6880
step 1296/8000  loss=1.6574
step 1297/8000  loss=1.6332
step 1298/8000  loss=1.6785
step 1299/8000  loss=1.6562
step 1300/8000  loss=1.6873
step 1301/8000  loss=1.7473
step 1302/8000  loss=1.7798
step 1303/8000  loss=1.7253
step 1304/8000  loss=1.6654
step 1305/8000  loss=1.6962
step 1306/8000  loss=1.6943
step 1307/8000  loss=1.7133
step 1308/8000  loss=1.6368
step 1309/8000  loss=1.7660
step 1310/8000  loss=1.6722
step 1311/8000  loss=1.6332
step 1312/8000  loss=1.6381
step 1313/8000  loss=1.7887
step 1314/8000  loss=1.7167
step 1315/8000  loss=1.7007
step 1316/8000  loss=1.6586
step 1317/8000  loss=1.6735
step 1318/8000  loss=1.6734
step 1319/8000  loss=1.7029
step 1320/8000  loss=1.7810
step 1321/8000  loss=1.7287
step 1322/8000  loss=1.7500
step 1323/8000  loss=1.6871
step 1324/8000  loss=1.6478
step 1325/8000  loss=1.6456
step 1326/8000  loss=1.6986
step 1327/8000  loss=1.6105
step 1328/8000  loss=1.6966
step 1329/8000  loss=1.7123
step 1330/8000  loss=1.6987
step 1331/8000  loss=1.6377
step 1332/8000  loss=1.7614
step 1333/8000  loss=1.7187
step 1334/8000  loss=1.7293
step 1335/8000  loss=1.7628
step 1336/8000  loss=1.7334
step 1337/8000  loss=1.7796
step 1338/8000  loss=1.7592
step 1339/8000  loss=1.7873
step 1340/8000  loss=1.6549
step 1341/8000  loss=1.6226
step 1342/8000  loss=1.5980
step 1343/8000  loss=1.7913
step 1344/8000  loss=1.7184
step 1345/8000  loss=1.6340
step 1346/8000  loss=1.7064
step 1347/8000  loss=1.7206
step 1348/8000  loss=1.6452
step 1349/8000  loss=1.6965
step 1350/8000  loss=1.6190
step 1351/8000  loss=1.7630
step 1352/8000  loss=1.7572
step 1353/8000  loss=1.5818
step 1354/8000  loss=1.7795
step 1355/8000  loss=1.6898
step 1356/8000  loss=1.6858
step 1357/8000  loss=1.6046
step 1358/8000  loss=1.6381
step 1359/8000  loss=1.6748
step 1360/8000  loss=1.8540
step 1361/8000  loss=1.6612
step 1362/8000  loss=1.5986
step 1363/8000  loss=1.7019
step 1364/8000  loss=1.6943
step 1365/8000  loss=1.6820
step 1366/8000  loss=1.7479
step 1367/8000  loss=1.6981
step 1368/8000  loss=1.6465
step 1369/8000  loss=1.7538
step 1370/8000  loss=1.6835
step 1371/8000  loss=1.6739
step 1372/8000  loss=1.7805
step 1373/8000  loss=1.6600
step 1374/8000  loss=1.8051
step 1375/8000  loss=1.6584
step 1376/8000  loss=1.6122
step 1377/8000  loss=1.6773
step 1378/8000  loss=1.6152
step 1379/8000  loss=1.7232
step 1380/8000  loss=1.7519
step 1381/8000  loss=1.7608
step 1382/8000  loss=1.7355
step 1383/8000  loss=1.6301
step 1384/8000  loss=1.7045
step 1385/8000  loss=1.6861
step 1386/8000  loss=1.7003
step 1387/8000  loss=1.6953
step 1388/8000  loss=1.7032
step 1389/8000  loss=1.6026
step 1390/8000  loss=1.7368
step 1391/8000  loss=1.7189
step 1392/8000  loss=1.7695
step 1393/8000  loss=1.7411
step 1394/8000  loss=1.8350
step 1395/8000  loss=1.6367
step 1396/8000  loss=1.7537
step 1397/8000  loss=1.7262
step 1398/8000  loss=1.7648
step 1399/8000  loss=1.7298
step 1400/8000  loss=1.8131
step 1401/8000  loss=1.7739
step 1402/8000  loss=1.6515
step 1403/8000  loss=1.7523
step 1404/8000  loss=1.7089
step 1405/8000  loss=1.6250
step 1406/8000  loss=1.6279
step 1407/8000  loss=1.7314
step 1408/8000  loss=1.6749
step 1409/8000  loss=1.7292
step 1410/8000  loss=1.6540
step 1411/8000  loss=1.7092
step 1412/8000  loss=1.7743
step 1413/8000  loss=1.6251
step 1414/8000  loss=1.6544
step 1415/8000  loss=1.7003
step 1416/8000  loss=1.6593
step 1417/8000  loss=1.6636
step 1418/8000  loss=1.6449
step 1419/8000  loss=1.6583
step 1420/8000  loss=1.6700
step 1421/8000  loss=1.7094
step 1422/8000  loss=1.6709
step 1423/8000  loss=1.7124
step 1424/8000  loss=1.7599
step 1425/8000  loss=1.6788
step 1426/8000  loss=1.7826
step 1427/8000  loss=1.7270
step 1428/8000  loss=1.5855
step 1429/8000  loss=1.6787
step 1430/8000  loss=1.7058
step 1431/8000  loss=1.6591
step 1432/8000  loss=1.7539
step 1433/8000  loss=1.7363
step 1434/8000  loss=1.6553
step 1435/8000  loss=1.8009
step 1436/8000  loss=1.7269
step 1437/8000  loss=1.7062
step 1438/8000  loss=1.7572
step 1439/8000  loss=1.8087
step 1440/8000  loss=1.7450
step 1441/8000  loss=1.8157
step 1442/8000  loss=1.7382
step 1443/8000  loss=1.7023
step 1444/8000  loss=1.6515
step 1445/8000  loss=1.8087
step 1446/8000  loss=1.6826
step 1447/8000  loss=1.6630
step 1448/8000  loss=1.7050
step 1449/8000  loss=1.7213
step 1450/8000  loss=1.6292
step 1451/8000  loss=1.5332
step 1452/8000  loss=1.6640
step 1453/8000  loss=1.6622
step 1454/8000  loss=1.8248
step 1455/8000  loss=1.6872
step 1456/8000  loss=1.6110
step 1457/8000  loss=1.6523
step 1458/8000  loss=1.5972
step 1459/8000  loss=1.7212
step 1460/8000  loss=1.5838
step 1461/8000  loss=1.7276
step 1462/8000  loss=1.7388
step 1463/8000  loss=1.6767
step 1464/8000  loss=1.6585
step 1465/8000  loss=1.7407
step 1466/8000  loss=1.6932
step 1467/8000  loss=1.7299
step 1468/8000  loss=1.7112
step 1469/8000  loss=1.6810
step 1470/8000  loss=1.6745
step 1471/8000  loss=1.7313
step 1472/8000  loss=1.6871
step 1473/8000  loss=1.5574
step 1474/8000  loss=1.6474
step 1475/8000  loss=1.6963
step 1476/8000  loss=1.8040
step 1477/8000  loss=1.7404
step 1478/8000  loss=1.7409
step 1479/8000  loss=1.6825
step 1480/8000  loss=1.6483
step 1481/8000  loss=1.7184
step 1482/8000  loss=1.7548
step 1483/8000  loss=1.7990
step 1484/8000  loss=1.7999
step 1485/8000  loss=1.7060
step 1486/8000  loss=1.7584
step 1487/8000  loss=1.7084
step 1488/8000  loss=1.8129
step 1489/8000  loss=1.6511
step 1490/8000  loss=1.6243
step 1491/8000  loss=1.7276
step 1492/8000  loss=1.6796
step 1493/8000  loss=1.7233
step 1494/8000  loss=1.6394
step 1495/8000  loss=1.6657
step 1496/8000  loss=1.7397
step 1497/8000  loss=1.7443
step 1498/8000  loss=1.7163
step 1499/8000  loss=1.6503
== step 1500/8000  loss=1.7395  PPL=5.27  (16832s) ==
step 1501/8000  loss=1.6909
step 1502/8000  loss=1.6856
step 1503/8000  loss=1.7801
step 1504/8000  loss=1.7778
step 1505/8000  loss=1.6911
step 1506/8000  loss=1.7092
step 1507/8000  loss=1.6946
step 1508/8000  loss=1.7218
step 1509/8000  loss=1.6646
step 1510/8000  loss=1.6564
step 1511/8000  loss=1.6281
step 1512/8000  loss=1.7724
step 1513/8000  loss=1.6214
step 1514/8000  loss=1.7670
step 1515/8000  loss=1.7496
step 1516/8000  loss=1.7368
step 1517/8000  loss=1.8104
step 1518/8000  loss=1.7165
step 1519/8000  loss=1.7115
step 1520/8000  loss=1.6226
step 1521/8000  loss=1.6249
step 1522/8000  loss=1.7183
step 1523/8000  loss=1.8201
step 1524/8000  loss=1.7540
step 1525/8000  loss=1.7260
step 1526/8000  loss=1.7622
step 1527/8000  loss=1.6597
step 1528/8000  loss=1.7307
step 1529/8000  loss=1.6618
step 1530/8000  loss=1.6969
step 1531/8000  loss=1.7138
step 1532/8000  loss=1.6798
step 1533/8000  loss=1.8102
step 1534/8000  loss=1.7020
step 1535/8000  loss=1.7651
step 1536/8000  loss=1.6578
step 1537/8000  loss=1.6973
step 1538/8000  loss=1.7274
step 1539/8000  loss=1.7639
step 1540/8000  loss=1.7321
step 1541/8000  loss=1.6848
step 1542/8000  loss=1.7410
step 1543/8000  loss=1.7575
step 1544/8000  loss=1.7037
step 1545/8000  loss=1.7722
step 1546/8000  loss=1.6703
step 1547/8000  loss=1.6297
step 1548/8000  loss=1.7317
step 1549/8000  loss=1.7298
step 1550/8000  loss=1.6630
